cargo :     
Checking omnilang 
v0.1.0 
(D:\GitHub\OmniLang)
At line:1 char:1
+ cargo check --mess
age-format=short > 
errors.txt 2>&1
+ ~~~~~~~~~~~~~~~~~~
~~~~~~~~~~~~~~~~~~~~
~~~~~~~~~~~~~~
    + CategoryInfo  
            : NotS  
  pecified: (       
 Checking om...i    
tHub\OmniLang):    
String) [], Rem    
oteException
    + FullyQualifie 
   dErrorId : Nati  
  veCommandError
 
src\ast.rs:168:33: 
error[E0412]: 
cannot find type 
`Type` in this 
scope: not found in 
this scope
src\ast.rs:198:29: 
error[E0412]: 
cannot find type 
`Type` in this 
scope: not found in 
this scope
src\ast.rs:205:21: 
error[E0412]: 
cannot find type 
`Type` in this 
scope: not found in 
this scope
src\ast.rs:217:21: 
error[E0412]: 
cannot find type 
`Type` in this 
scope: not found in 
this scope
src\ast.rs:237:21: 
error[E0412]: 
cannot find type 
`Type` in this 
scope: not found in 
this scope
src\parser.rs:740:40
: error[E0412]: 
cannot find type 
`Type` in this 
scope: not found in 
this scope
src\runtime.rs:367:1
6: error[E0412]: 
cannot find type 
`PolicyMatchRule` 
in this scope: not 
found in this scope
src\parser.rs:703:57
: error: in 
expressions, `_` 
can only be used on 
the left-hand side 
of an assignment: 
`_` not allowed here
src\parser.rs:234:34
: error[E0308]: 
mismatched types: 
expected `Pattern`, 
found `String`
src\parser.rs:234:43
: error[E0560]: 
struct 
`ast::MatchArm` has 
no field named 
`action`: 
`ast::MatchArm` 
does not have this 
field
src\parser.rs:238:53
: error[E0308]: 
mismatched types: 
expected `Vec<Policy
MatchArm>`, found 
`Vec<MatchArm>`
src\parser.rs:243:92
: error[E0599]: no 
variant or 
associated item 
named `Newline` 
found for enum 
`TokenType` in the 
current scope: 
variant or 
associated item not 
found in `TokenType`
src\parser.rs:742:16
: error[E0433]: 
failed to resolve: 
use of undeclared 
type `Type`: use of 
undeclared type 
`Type`
src\parser.rs:744:16
: error[E0433]: 
failed to resolve: 
use of undeclared 
type `Type`: use of 
undeclared type 
`Type`
src\parser.rs:746:16
: error[E0433]: 
failed to resolve: 
use of undeclared 
type `Type`: use of 
undeclared type 
`Type`
src\parser.rs:748:16
: error[E0433]: 
failed to resolve: 
use of undeclared 
type `Type`: use of 
undeclared type 
`Type`
src\parser.rs:752:16
: error[E0433]: 
failed to resolve: 
use of undeclared 
type `Type`: use of 
undeclared type 
`Type`
src\runtime.rs:390:2
6: error[E0599]: no 
method named 
`add_action` found 
for mutable 
reference `&mut 
Decision` in the 
current scope: 
method not found in 
`&mut Decision`
src\ir.rs:155:11: 
error[E0004]: 
non-exhaustive 
patterns: `&ast::Rul
e::Match(_)` not 
covered: pattern `&a
st::Rule::Match(_)` 
not covered
src\ir.rs:181:11: 
error[E0004]: 
non-exhaustive 
patterns: `&ast::Rul
e::Match(_)` not 
covered: pattern `&a
st::Rule::Match(_)` 
not covered
error: could not 
compile `omnilang` 
(lib) due to 20 
previous errors
